exports[`App snapshots 1`] = `null`;

exports[`Button snapshots 1`] = `
<button
  className=""
  onClick={undefined}
  type="button">
  Give me more
</button>
`;

exports[`Search snapshots 1`] = `
<form
  onSubmit={undefined}>
  Search
  <input
    onChange={undefined}
    type="text"
    value={undefined} />
  <button
    type="submit">
    Search
  </button>
</form>
`;

exports[`Table snapshots 1`] = `
<div
  className="table">
  <div
    className="table-row">
    <span
      style={
        Object {
          "width": "40%",
        }
      }>
      <a
        href={undefined}>
        1
      </a>
    </span>
    <span
      style={
        Object {
          "width": "30%",
        }
      }>
      1
    </span>
    <span
      style={
        Object {
          "width": "10%",
        }
      }>
      2
    </span>
    <span
      style={
        Object {
          "width": "10%",
        }
      }>
      <button
        className="button-inline"
        onClick={[Function]}
        type="button">
        Dismiss
      </button>
    </span>
  </div>
  <div
    className="table-row">
    <span
      style={
        Object {
          "width": "40%",
        }
      }>
      <a
        href={undefined}>
        2
      </a>
    </span>
    <span
      style={
        Object {
          "width": "30%",
        }
      }>
      2
    </span>
    <span
      style={
        Object {
          "width": "10%",
        }
      }>
      2
    </span>
    <span
      style={
        Object {
          "width": "10%",
        }
      }>
      <button
        className="button-inline"
        onClick={[Function]}
        type="button">
        Dismiss
      </button>
    </span>
  </div>
</div>
`;
